Compilazione avviata 08/10/2026 01:11:06.
     1>Progetto "E:\repo\WinHubX\Project\WinHubX\WinHubX.csproj" sul nodo 1 (destinazioni: Clean).
     1>_CheckForNETCoreSdkIsPreview:
       C:\Program Files\dotnet\sdk\11.0.100-rc.1.26425.128\Sdks\Microsoft.NET.Sdk\targets\Microsoft.NET.RuntimeIdentifierInference.targets(385,5): message NETSDK1057: si sta usando una versione in anteprima di .NET. Vedere https://aka.ms/dotnet-support-policy [E:\repo\WinHubX\Project\WinHubX\WinHubX.csproj]
       CoreClean:
         Eliminazione del file "E:\repo\WinHubX\Project\WinHubX\bin\Release\net10.0-windows\WinHubX.exe" in corso.
         Eliminazione del file "E:\repo\WinHubX\Project\WinHubX\bin\Release\net10.0-windows\Resources\en.json" in corso.
         Eliminazione del file "E:\repo\WinHubX\Project\WinHubX\bin\Release\net10.0-windows\Resources\it.json" in corso.
         Eliminazione del file "E:\repo\WinHubX\Project\WinHubX\bin\Release\net10.0-windows\Resources\Immagini\FormCreaISO\pngArchitettura.png" in corso.
         Eliminazione del file "E:\repo\WinHubX\Project\WinHubX\bin\Release\net10.0-windows\Resources\Immagini\FormCreaISO\pngbypass.png" in corso.
         Eliminazione del file "E:\repo\WinHubX\Project\WinHubX\bin\Release\net10.0-windows\Resources\Immagini\FormCreaISO\pngDefenderWin.png" in corso.
         Eliminazione del file "E:\repo\WinHubX\Project\WinHubX\bin\Release\net10.0-windows\Resources\Immagini\FormCreaISO\pngDomanda.png" in corso.
         Eliminazione del file "E:\repo\WinHubX\Project\WinHubX\bin\Release\net10.0-windows\Resources\Immagini\FormCreaISO\pngEdge.png" in corso.
         Eliminazione del file "E:\repo\WinHubX\Project\WinHubX\bin\Release\net10.0-windows\Resources\Immagini\FormHome\pngTelegram.png" in corso.
         Eliminazione del file "E:\repo\WinHubX\Project\WinHubX\bin\Release\net10.0-windows\Resources\Immagini\FormMonitoraggio\term_giallo.png" in corso.
         Eliminazione del file "E:\repo\WinHubX\Project\WinHubX\bin\Release\net10.0-windows\Resources\Immagini\FormMonitoraggio\term_rosso.png" in corso.
         Eliminazione del file "E:\repo\WinHubX\Project\WinHubX\bin\Release\net10.0-windows\Resources\Immagini\FormMonitoraggio\term_verde.png" in corso.
         Eliminazione del file "E:\repo\WinHubX\Project\WinHubX\bin\Release\net10.0-windows\Resources\Immagini\FormOffice\Office2019-2024\Microsoft_Office_Access_20192025.png" in corso.
         Eliminazione del file "E:\repo\WinHubX\Project\WinHubX\bin\Release\net10.0-windows\Resources\Immagini\FormOffice\Office2019-2024\Microsoft_Office_Excel_20192025.png" in corso.
         Eliminazione del file "E:\repo\WinHubX\Project\WinHubX\bin\Release\net10.0-windows\Resources\Immagini\FormOffice\Office2019-2024\Microsoft_Office_OneDrive_20192025.png" in corso.
         Eliminazione del file "E:\repo\WinHubX\Project\WinHubX\bin\Release\net10.0-windows\Resources\Immagini\FormOffice\Office2019-2024\Microsoft_Office_OneNote_20192025.png" in corso.
         Eliminazione del file "E:\repo\WinHubX\Project\WinHubX\bin\Release\net10.0-windows\Resources\Immagini\FormOffice\Office2019-2024\Microsoft_Office_Outlook_20182024.png" in corso.
         Eliminazione del file "E:\repo\WinHubX\Project\WinHubX\bin\Release\net10.0-windows\Resources\Immagini\FormOffice\Office2019-2024\Microsoft_Office_PowerPoint_20192025.png" in corso.
         Eliminazione del file "E:\repo\WinHubX\Project\WinHubX\bin\Release\net10.0-windows\Resources\Immagini\FormOffice\Office2019-2024\Microsoft_Office_Publisher_2019present.png" in corso.
         Eliminazione del file "E:\repo\WinHubX\Project\WinHubX\bin\Release\net10.0-windows\Resources\Immagini\FormOffice\Office2019-2024\Microsoft_Office_Teams_20192025.png" in corso.
         Eliminazione del file "E:\repo\WinHubX\Project\WinHubX\bin\Release\net10.0-windows\Resources\Immagini\FormOffice\Office2019-2024\Microsoft_Office_Visio_2019.png" in corso.
         Eliminazione del file "E:\repo\WinHubX\Project\WinHubX\bin\Release\net10.0-windows\Resources\Immagini\FormOffice\Office2019-2024\Microsoft_Office_Word_20192025.png" in corso.
         Eliminazione del file "E:\repo\WinHubX\Project\WinHubX\bin\Release\net10.0-windows\Resources\Immagini\FormOffice\Office2019-2024\Microsoft_Project_2019present.png" in corso.
         Eliminazione del file "E:\repo\WinHubX\Project\WinHubX\bin\Release\net10.0-windows\Resources\Immagini\FormOffice\Office365\Microsoft_Office_Excel_2025present.png" in corso.
         Eliminazione del file "E:\repo\WinHubX\Project\WinHubX\bin\Release\net10.0-windows\Resources\Immagini\FormOffice\Office365\Microsoft_Office_PowerPoint_2025present.png" in corso.
         Eliminazione del file "E:\repo\WinHubX\Project\WinHubX\bin\Release\net10.0-windows\Resources\Immagini\FormOffice\Office365\Microsoft_Office_Teams_2025present.png" in corso.
         Eliminazione del file "E:\repo\WinHubX\Project\WinHubX\bin\Release\net10.0-windows\Resources\Immagini\FormOffice\Office365\Microsoft_Office_Word_2025present.png" in corso.
         Eliminazione del file "E:\repo\WinHubX\Project\WinHubX\bin\Release\net10.0-windows\Resources\Immagini\FormOffice\Office365\Microsoft_OneDrive_Icon_2025present.png" in corso.
         Eliminazione del file "E:\repo\WinHubX\Project\WinHubX\bin\Release\net10.0-windows\Resources\Immagini\FormOffice\Office365\Microsoft_OneNote_Icon_2025present.png" in corso.
         Eliminazione del file "E:\repo\WinHubX\Project\WinHubX\bin\Release\net10.0-windows\Resources\Immagini\FormOffice\Office365\Microsoft_Outlook_Icon_2025present.png" in corso.
         Eliminazione del file "E:\repo\WinHubX\Project\WinHubX\bin\Release\net10.0-windows\Resources\Immagini\FormSettaggi\pngPersonalizzazione.png" in corso.
         Eliminazione del file "E:\repo\WinHubX\Project\WinHubX\bin\Release\net10.0-windows\Resources\Immagini\FormSettaggi\pngUpdateWin.png" in corso.
         Eliminazione del file "E:\repo\WinHubX\Project\WinHubX\bin\Release\net10.0-windows\Resources\Immagini\FormTools\pngDaRT.png" in corso.
         Eliminazione del file "E:\repo\WinHubX\Project\WinHubX\bin\Release\net10.0-windows\Resources\Immagini\FormTools\pngDriverRST.png" in corso.
         Eliminazione del file "E:\repo\WinHubX\Project\WinHubX\bin\Release\net10.0-windows\Resources\Immagini\FormTools\pngextWIMToolkit.png" in corso.
         Eliminazione del file "E:\repo\WinHubX\Project\WinHubX\bin\Release\net10.0-windows\Resources\Immagini\FormTools\pngKasperskyLive.png" in corso.
         Eliminazione del file "E:\repo\WinHubX\Project\WinHubX\bin\Release\net10.0-windows\Resources\Immagini\FormTools\pngMPM.png" in corso.
         Eliminazione del file "E:\repo\WinHubX\Project\WinHubX\bin\Release\net10.0-windows\Resources\Immagini\FormTools\pngWinHubXLiteOS.png" in corso.
         Eliminazione del file "E:\repo\WinHubX\Project\WinHubX\bin\Release\net10.0-windows\Resources\OfficePersonalizzato\ConfigurazioneOffice2019x32.xml" in corso.
         Eliminazione del file "E:\repo\WinHubX\Project\WinHubX\bin\Release\net10.0-windows\Resources\OfficePersonalizzato\ConfigurazioneOffice2019x64.xml" in corso.
         Eliminazione del file "E:\repo\WinHubX\Project\WinHubX\bin\Release\net10.0-windows\Resources\OfficePersonalizzato\ConfigurazioneOffice2021x32.xml" in corso.
         Eliminazione del file "E:\repo\WinHubX\Project\WinHubX\bin\Release\net10.0-windows\Resources\OfficePersonalizzato\ConfigurazioneOffice2021x64.xml" in corso.
         Eliminazione del file "E:\repo\WinHubX\Project\WinHubX\bin\Release\net10.0-windows\Resources\OfficePersonalizzato\ConfigurazioneOffice2024x32.xml" in corso.
         Eliminazione del file "E:\repo\WinHubX\Project\WinHubX\bin\Release\net10.0-windows\Resources\OfficePersonalizzato\ConfigurazioneOffice2024x64.xml" in corso.
         Eliminazione del file "E:\repo\WinHubX\Project\WinHubX\bin\Release\net10.0-windows\Resources\OfficePersonalizzato\ConfigurazioneOffice365x32.xml" in corso.
         Eliminazione del file "E:\repo\WinHubX\Project\WinHubX\bin\Release\net10.0-windows\Resources\OfficePersonalizzato\ConfigurazioneOffice365x64.xml" in corso.
         Eliminazione del file "E:\repo\WinHubX\Project\WinHubX\bin\Release\net10.0-windows\Resources\OfficePersonalizzato\bin.exe" in corso.
         Eliminazione del file "E:\repo\WinHubX\Project\WinHubX\bin\Release\net10.0-windows\Resources\WinHubXStatoAttivazione.cmd" in corso.
         Eliminazione del file "E:\repo\WinHubX\Project\WinHubX\bin\Release\net10.0-windows\Resources\WinHubXWSL.ps1" in corso.
         Eliminazione del file "E:\repo\WinHubX\Project\WinHubX\bin\Release\net10.0-windows\WinHubX.dll.config" in corso.
         Eliminazione del file "E:\repo\WinHubX\Project\WinHubX\bin\Release\net10.0-windows\WinHubX.deps.json" in corso.
         Eliminazione del file "E:\repo\WinHubX\Project\WinHubX\bin\Release\net10.0-windows\WinHubX.runtimeconfig.json" in corso.
         Eliminazione del file "E:\repo\WinHubX\Project\WinHubX\bin\Release\net10.0-windows\WinHubX.dll" in corso.
         Eliminazione del file "E:\repo\WinHubX\Project\WinHubX\bin\Release\net10.0-windows\en\WinHubX.resources.dll" in corso.
         Eliminazione del file "E:\repo\WinHubX\Project\WinHubX\bin\Release\net10.0-windows\CuoreUI.dll" in corso.
         Eliminazione del file "E:\repo\WinHubX\Project\WinHubX\bin\Release\net10.0-windows\DiscUtils.Core.dll" in corso.
         Eliminazione del file "E:\repo\WinHubX\Project\WinHubX\bin\Release\net10.0-windows\DiscUtils.Iso9660.dll" in corso.
         Eliminazione del file "E:\repo\WinHubX\Project\WinHubX\bin\Release\net10.0-windows\DiscUtils.Streams.dll" in corso.
         Eliminazione del file "E:\repo\WinHubX\Project\WinHubX\bin\Release\net10.0-windows\DiscUtils.Udf.dll" in corso.
         Eliminazione del file "E:\repo\WinHubX\Project\WinHubX\bin\Release\net10.0-windows\HidSharp.dll" in corso.
         Eliminazione del file "E:\repo\WinHubX\Project\WinHubX\bin\Release\net10.0-windows\LibreHardwareMonitorLib.dll" in corso.
         Eliminazione del file "E:\repo\WinHubX\Project\WinHubX\bin\Release\net10.0-windows\Microsoft.ApplicationInsights.dll" in corso.
         Eliminazione del file "E:\repo\WinHubX\Project\WinHubX\bin\Release\net10.0-windows\Newtonsoft.Json.dll" in corso.
         Eliminazione del file "E:\repo\WinHubX\Project\WinHubX\bin\Release\net10.0-windows\System.IO.Ports.dll" in corso.
         Eliminazione del file "E:\repo\WinHubX\Project\WinHubX\bin\Release\net10.0-windows\System.Management.dll" in corso.
         Eliminazione del file "E:\repo\WinHubX\Project\WinHubX\bin\Release\net10.0-windows\System.ServiceProcess.ServiceController.dll" in corso.
         Eliminazione del file "E:\repo\WinHubX\Project\WinHubX\bin\Release\net10.0-windows\Microsoft.Win32.TaskScheduler.dll" in corso.
         Eliminazione del file "E:\repo\WinHubX\Project\WinHubX\bin\Release\net10.0-windows\it\Microsoft.Win32.TaskScheduler.resources.dll" in corso.
         Eliminazione del file "E:\repo\WinHubX\Project\WinHubX\bin\Release\net10.0-windows\runtimes\unix\lib\netstandard1.6\Microsoft.Management.Infrastructure.dll" in corso.
         Eliminazione del file "E:\repo\WinHubX\Project\WinHubX\bin\Release\net10.0-windows\runtimes\win-arm64\lib\netstandard1.6\microsoft.management.infrastructure.dll" in corso.
         Eliminazione del file "E:\repo\WinHubX\Project\WinHubX\bin\Release\net10.0-windows\runtimes\win-arm64\lib\netstandard1.6\microsoft.management.infrastructure.native.dll" in corso.
         Eliminazione del file "E:\repo\WinHubX\Project\WinHubX\bin\Release\net10.0-windows\runtimes\win-arm64\native\microsoft.management.infrastructure.native.unmanaged.dll" in corso.
         Eliminazione del file "E:\repo\WinHubX\Project\WinHubX\bin\Release\net10.0-windows\runtimes\win-x64\lib\netstandard1.6\microsoft.management.infrastructure.dll" in corso.
         Eliminazione del file "E:\repo\WinHubX\Project\WinHubX\bin\Release\net10.0-windows\runtimes\win-x64\lib\netstandard1.6\microsoft.management.infrastructure.native.dll" in corso.
         Eliminazione del file "E:\repo\WinHubX\Project\WinHubX\bin\Release\net10.0-windows\runtimes\win-x64\native\microsoft.management.infrastructure.native.unmanaged.dll" in corso.
         Eliminazione del file "E:\repo\WinHubX\Project\WinHubX\bin\Release\net10.0-windows\runtimes\win-x86\lib\netstandard1.6\microsoft.management.infrastructure.dll" in corso.
         Eliminazione del file "E:\repo\WinHubX\Project\WinHubX\bin\Release\net10.0-windows\runtimes\win-x86\lib\netstandard1.6\microsoft.management.infrastructure.native.dll" in corso.
         Eliminazione del file "E:\repo\WinHubX\Project\WinHubX\bin\Release\net10.0-windows\runtimes\win-x86\native\microsoft.management.infrastructure.native.unmanaged.dll" in corso.
         Eliminazione del file "E:\repo\WinHubX\Project\WinHubX\bin\Release\net10.0-windows\runtimes\win\lib\net8.0\Microsoft.PowerShell.CoreCLR.Eventing.dll" in corso.
         Eliminazione del file "E:\repo\WinHubX\Project\WinHubX\bin\Release\net10.0-windows\runtimes\linux-arm\native\libpsl-native.so" in corso.
         Eliminazione del file "E:\repo\WinHubX\Project\WinHubX\bin\Release\net10.0-windows\runtimes\linux-arm64\native\libpsl-native.so" in corso.
         Eliminazione del file "E:\repo\WinHubX\Project\WinHubX\bin\Release\net10.0-windows\runtimes\linux-musl-x64\native\libpsl-native.so" in corso.
         Eliminazione del file "E:\repo\WinHubX\Project\WinHubX\bin\Release\net10.0-windows\runtimes\linux-x64\native\libpsl-native.so" in corso.
         Eliminazione del file "E:\repo\WinHubX\Project\WinHubX\bin\Release\net10.0-windows\runtimes\osx\native\libpsl-native.dylib" in corso.
         Eliminazione del file "E:\repo\WinHubX\Project\WinHubX\bin\Release\net10.0-windows\runtimes\win-arm\native\PowerShell.Core.Instrumentation.dll" in corso.
         Eliminazione del file "E:\repo\WinHubX\Project\WinHubX\bin\Release\net10.0-windows\runtimes\win-arm\native\pwrshplugin.dll" in corso.
         Eliminazione del file "E:\repo\WinHubX\Project\WinHubX\bin\Release\net10.0-windows\runtimes\win-arm64\native\PowerShell.Core.Instrumentation.dll" in corso.
         Eliminazione del file "E:\repo\WinHubX\Project\WinHubX\bin\Release\net10.0-windows\runtimes\win-arm64\native\pwrshplugin.dll" in corso.
         Eliminazione del file "E:\repo\WinHubX\Project\WinHubX\bin\Release\net10.0-windows\runtimes\win-x64\native\PowerShell.Core.Instrumentation.dll" in corso.
         Eliminazione del file "E:\repo\WinHubX\Project\WinHubX\bin\Release\net10.0-windows\runtimes\win-x64\native\pwrshplugin.dll" in corso.
         Eliminazione del file "E:\repo\WinHubX\Project\WinHubX\bin\Release\net10.0-windows\runtimes\win-x86\native\PowerShell.Core.Instrumentation.dll" in corso.
         Eliminazione del file "E:\repo\WinHubX\Project\WinHubX\bin\Release\net10.0-windows\runtimes\win-x86\native\pwrshplugin.dll" in corso.
         Eliminazione del file "E:\repo\WinHubX\Project\WinHubX\bin\Release\net10.0-windows\runtimes\win-arm64\lib\net5.0\getfilesiginforedistwrapper.dll" in corso.
         Eliminazione del file "E:\repo\WinHubX\Project\WinHubX\bin\Release\net10.0-windows\runtimes\win-arm64\native\getfilesiginforedist.dll" in corso.
         Eliminazione del file "E:\repo\WinHubX\Project\WinHubX\bin\Release\net10.0-windows\runtimes\win-x64\lib\net5.0\getfilesiginforedistwrapper.dll" in corso.
         Eliminazione del file "E:\repo\WinHubX\Project\WinHubX\bin\Release\net10.0-windows\runtimes\win-x64\native\getfilesiginforedist.dll" in corso.
         Eliminazione del file "E:\repo\WinHubX\Project\WinHubX\bin\Release\net10.0-windows\runtimes\win-x86\lib\net5.0\getfilesiginforedistwrapper.dll" in corso.
         Eliminazione del file "E:\repo\WinHubX\Project\WinHubX\bin\Release\net10.0-windows\runtimes\win-x86\native\getfilesiginforedist.dll" in corso.
         Eliminazione del file "E:\repo\WinHubX\Project\WinHubX\bin\Release\net10.0-windows\runtimes\linux-arm\lib\netstandard2.0\Mono.Posix.NETStandard.dll" in corso.
         Eliminazione del file "E:\repo\WinHubX\Project\WinHubX\bin\Release\net10.0-windows\runtimes\linux-arm\native\libMonoPosixHelper.so" in corso.
         Eliminazione del file "E:\repo\WinHubX\Project\WinHubX\bin\Release\net10.0-windows\runtimes\linux-arm64\lib\netstandard2.0\Mono.Posix.NETStandard.dll" in corso.
         Eliminazione del file "E:\repo\WinHubX\Project\WinHubX\bin\Release\net10.0-windows\runtimes\linux-arm64\native\libMonoPosixHelper.so" in corso.
         Eliminazione del file "E:\repo\WinHubX\Project\WinHubX\bin\Release\net10.0-windows\runtimes\linux-armel\lib\netstandard2.0\Mono.Posix.NETStandard.dll" in corso.
         Eliminazione del file "E:\repo\WinHubX\Project\WinHubX\bin\Release\net10.0-windows\runtimes\linux-armel\native\libMonoPosixHelper.so" in corso.
         Eliminazione del file "E:\repo\WinHubX\Project\WinHubX\bin\Release\net10.0-windows\runtimes\linux-x64\lib\netstandard2.0\Mono.Posix.NETStandard.dll" in corso.
         Eliminazione del file "E:\repo\WinHubX\Project\WinHubX\bin\Release\net10.0-windows\runtimes\linux-x64\native\libMonoPosixHelper.so" in corso.
         Eliminazione del file "E:\repo\WinHubX\Project\WinHubX\bin\Release\net10.0-windows\runtimes\linux-x86\lib\netstandard2.0\Mono.Posix.NETStandard.dll" in corso.
         Eliminazione del file "E:\repo\WinHubX\Project\WinHubX\bin\Release\net10.0-windows\runtimes\linux-x86\native\libMonoPosixHelper.so" in corso.
         Eliminazione del file "E:\repo\WinHubX\Project\WinHubX\bin\Release\net10.0-windows\runtimes\osx\lib\netstandard2.0\Mono.Posix.NETStandard.dll" in corso.
         Eliminazione del file "E:\repo\WinHubX\Project\WinHubX\bin\Release\net10.0-windows\runtimes\osx\native\libMonoPosixHelper.dylib" in corso.
         Eliminazione del file "E:\repo\WinHubX\Project\WinHubX\bin\Release\net10.0-windows\runtimes\win-x64\lib\netstandard2.0\Mono.Posix.NETStandard.dll" in corso.
         Eliminazione del file "E:\repo\WinHubX\Project\WinHubX\bin\Release\net10.0-windows\runtimes\win-x64\native\MonoPosixHelper.dll" in corso.
         Eliminazione del file "E:\repo\WinHubX\Project\WinHubX\bin\Release\net10.0-windows\runtimes\win-x64\native\libMonoPosixHelper.dll" in corso.
         Eliminazione del file "E:\repo\WinHubX\Project\WinHubX\bin\Release\net10.0-windows\runtimes\win-x86\lib\netstandard2.0\Mono.Posix.NETStandard.dll" in corso.
         Eliminazione del file "E:\repo\WinHubX\Project\WinHubX\bin\Release\net10.0-windows\runtimes\win-x86\native\MonoPosixHelper.dll" in corso.
         Eliminazione del file "E:\repo\WinHubX\Project\WinHubX\bin\Release\net10.0-windows\runtimes\win-x86\native\libMonoPosixHelper.dll" in corso.
         Eliminazione del file "E:\repo\WinHubX\Project\WinHubX\bin\Release\net10.0-windows\runtimes\android-arm\native\libSystem.IO.Ports.Native.so" in corso.
         Eliminazione del file "E:\repo\WinHubX\Project\WinHubX\bin\Release\net10.0-windows\runtimes\android-arm64\native\libSystem.IO.Ports.Native.so" in corso.
         Eliminazione del file "E:\repo\WinHubX\Project\WinHubX\bin\Release\net10.0-windows\runtimes\android-x64\native\libSystem.IO.Ports.Native.so" in corso.
         Eliminazione del file "E:\repo\WinHubX\Project\WinHubX\bin\Release\net10.0-windows\runtimes\android-x86\native\libSystem.IO.Ports.Native.so" in corso.
         Eliminazione del file "E:\repo\WinHubX\Project\WinHubX\bin\Release\net10.0-windows\runtimes\linux-arm\native\libSystem.IO.Ports.Native.so" in corso.
         Eliminazione del file "E:\repo\WinHubX\Project\WinHubX\bin\Release\net10.0-windows\runtimes\linux-arm64\native\libSystem.IO.Ports.Native.so" in corso.
         Eliminazione del file "E:\repo\WinHubX\Project\WinHubX\bin\Release\net10.0-windows\runtimes\linux-bionic-arm64\native\libSystem.IO.Ports.Native.so" in corso.
         Eliminazione del file "E:\repo\WinHubX\Project\WinHubX\bin\Release\net10.0-windows\runtimes\linux-bionic-x64\native\libSystem.IO.Ports.Native.so" in corso.
         Eliminazione del file "E:\repo\WinHubX\Project\WinHubX\bin\Release\net10.0-windows\runtimes\linux-musl-arm\native\libSystem.IO.Ports.Native.so" in corso.
         Eliminazione del file "E:\repo\WinHubX\Project\WinHubX\bin\Release\net10.0-windows\runtimes\linux-musl-arm64\native\libSystem.IO.Ports.Native.so" in corso.
         Eliminazione del file "E:\repo\WinHubX\Project\WinHubX\bin\Release\net10.0-windows\runtimes\linux-musl-x64\native\libSystem.IO.Ports.Native.so" in corso.
         Eliminazione del file "E:\repo\WinHubX\Project\WinHubX\bin\Release\net10.0-windows\runtimes\linux-x64\native\libSystem.IO.Ports.Native.so" in corso.
         Eliminazione del file "E:\repo\WinHubX\Project\WinHubX\bin\Release\net10.0-windows\runtimes\maccatalyst-arm64\native\libSystem.IO.Ports.Native.dylib" in corso.
         Eliminazione del file "E:\repo\WinHubX\Project\WinHubX\bin\Release\net10.0-windows\runtimes\maccatalyst-x64\native\libSystem.IO.Ports.Native.dylib" in corso.
         Eliminazione del file "E:\repo\WinHubX\Project\WinHubX\bin\Release\net10.0-windows\runtimes\osx-arm64\native\libSystem.IO.Ports.Native.dylib" in corso.
         Eliminazione del file "E:\repo\WinHubX\Project\WinHubX\bin\Release\net10.0-windows\runtimes\osx-x64\native\libSystem.IO.Ports.Native.dylib" in corso.
         Eliminazione del file "E:\repo\WinHubX\Project\WinHubX\bin\Release\net10.0-windows\runtimes\unix\lib\net9.0\System.IO.Ports.dll" in corso.
         Eliminazione del file "E:\repo\WinHubX\Project\WinHubX\bin\Release\net10.0-windows\runtimes\win\lib\net9.0\System.IO.Ports.dll" in corso.
         Eliminazione del file "E:\repo\WinHubX\Project\WinHubX\bin\Release\net10.0-windows\runtimes\win\lib\net9.0\System.Management.dll" in corso.
         Eliminazione del file "E:\repo\WinHubX\Project\WinHubX\bin\Release\net10.0-windows\runtimes\unix\lib\net8.0\System.Management.Automation.dll" in corso.
         Eliminazione del file "E:\repo\WinHubX\Project\WinHubX\bin\Release\net10.0-windows\runtimes\win\lib\net8.0\System.Management.Automation.dll" in corso.
         Eliminazione del file "E:\repo\WinHubX\Project\WinHubX\bin\Release\net10.0-windows\runtimes\win\lib\net10.0\System.ServiceProcess.ServiceController.dll" in corso.
         Eliminazione del file "E:\repo\WinHubX\Project\WinHubX\obj\Release\net10.0-windows\WinHubX.csproj.AssemblyReference.cache" in corso.
         Eliminazione del file "E:\repo\WinHubX\Project\WinHubX\obj\Release\net10.0-windows\WinHubX.DialogBlock.Form_DialogBlock.resources" in corso.
         Eliminazione del file "E:\repo\WinHubX\Project\WinHubX\obj\Release\net10.0-windows\WinHubX.Form1.resources" in corso.
         Eliminazione del file "E:\repo\WinHubX\Project\WinHubX\obj\Release\net10.0-windows\WinHubX.Forms.Base.FormDebloat.resources" in corso.
         Eliminazione del file "E:\repo\WinHubX\Project\WinHubX\obj\Release\net10.0-windows\WinHubX.FormHome.resources" in corso.
         Eliminazione del file "E:\repo\WinHubX\Project\WinHubX\obj\Release\net10.0-windows\WinHubX.Forms.Base.FormMonitoraggio.resources" in corso.
         Eliminazione del file "E:\repo\WinHubX\Project\WinHubX\obj\Release\net10.0-windows\WinHubX.FormOffice.resources" in corso.
         Eliminazione del file "E:\repo\WinHubX\Project\WinHubX\obj\Release\net10.0-windows\WinHubX.Forms.Base.FormSettaggi.resources" in corso.
         Eliminazione del file "E:\repo\WinHubX\Project\WinHubX\obj\Release\net10.0-windows\WinHubX.FormWin.resources" in corso.
         Eliminazione del file "E:\repo\WinHubX\Project\WinHubX\obj\Release\net10.0-windows\WinHubX.Forms.Base.ProgressForm.resources" in corso.
         Eliminazione del file "E:\repo\WinHubX\Project\WinHubX\obj\Release\net10.0-windows\WinHubX.Forms.Base.FormCreaISO.resources" in corso.
         Eliminazione del file "E:\repo\WinHubX\Project\WinHubX\obj\Release\net10.0-windows\WinHubX.Forms.CreaISO.FormCreazioneISO.resources" in corso.
         Eliminazione del file "E:\repo\WinHubX\Project\WinHubX\obj\Release\net10.0-windows\WinHubX.Forms.DebloatAvanzato.AppItemControl.resources" in corso.
         Eliminazione del file "E:\repo\WinHubX\Project\WinHubX\obj\Release\net10.0-windows\WinHubX.Forms.DebloatAvanzato.FormServizi.resources" in corso.
         Eliminazione del file "E:\repo\WinHubX\Project\WinHubX\obj\Release\net10.0-windows\WinHubX.Forms.DriverRST.FormDriverRST.resources" in corso.
         Eliminazione del file "E:\repo\WinHubX\Project\WinHubX\obj\Release\net10.0-windows\WinHubX.Forms.ImpostazioniApp.FormImpostazioniApp.resources" in corso.
         Eliminazione del file "E:\repo\WinHubX\Project\WinHubX\obj\Release\net10.0-windows\WinHubX.Forms.InstallaComponenti.FormInstallaComponenti.resources" in corso.
         Eliminazione del file "E:\repo\WinHubX\Project\WinHubX\obj\Release\net10.0-windows\WinHubX.Forms.Personalizzazione_office.AppItem.resources" in corso.
         Eliminazione del file "E:\repo\WinHubX\Project\WinHubX\obj\Release\net10.0-windows\WinHubX.Forms.Personalizzazione_office.FormAggiungiRimuoviAppOffice.resources" in corso.
         Eliminazione del file "E:\repo\WinHubX\Project\WinHubX\obj\Release\net10.0-windows\WinHubX.Forms.Personalizzazione_office.PersonalizzazioneOffice.resources" in corso.
         Eliminazione del file "E:\repo\WinHubX\Project\WinHubX\obj\Release\net10.0-windows\WinHubX.Forms.Settaggi.FormDefender.resources" in corso.
         Eliminazione del file "E:\repo\WinHubX\Project\WinHubX\obj\Release\net10.0-windows\WinHubX.Forms.Settaggi.FormExplorer.resources" in corso.
         Eliminazione del file "E:\repo\WinHubX\Project\WinHubX\obj\Release\net10.0-windows\WinHubX.Forms.Settaggi.FormPersonalizzazione.resources" in corso.
         Eliminazione del file "E:\repo\WinHubX\Project\WinHubX\obj\Release\net10.0-windows\WinHubX.Forms.Settaggi.FormPrivacy.resources" in corso.
         Eliminazione del file "E:\repo\WinHubX\Project\WinHubX\obj\Release\net10.0-windows\WinHubX.Forms.Settaggi.FormRipristinoSO.resources" in corso.
         Eliminazione del file "E:\repo\WinHubX\Project\WinHubX\obj\Release\net10.0-windows\WinHubX.Forms.Settaggi.FormUpdate.resources" in corso.
         Eliminazione del file "E:\repo\WinHubX\Project\WinHubX\obj\Release\net10.0-windows\WinHubX.Forms.Settaggi.FormUtility.resources" in corso.
         Eliminazione del file "E:\repo\WinHubX\Project\WinHubX\obj\Release\net10.0-windows\WinHubX.Properties.Resources.resources" in corso.
         Eliminazione del file "E:\repo\WinHubX\Project\WinHubX\obj\Release\net10.0-windows\WinHubX.DialogBlock.Form_DialogBlock.en.resources" in corso.
         Eliminazione del file "E:\repo\WinHubX\Project\WinHubX\obj\Release\net10.0-windows\WinHubX.Form1.en.resources" in corso.
         Eliminazione del file "E:\repo\WinHubX\Project\WinHubX\obj\Release\net10.0-windows\WinHubX.Forms.Base.FormDebloat.en.resources" in corso.
         Eliminazione del file "E:\repo\WinHubX\Project\WinHubX\obj\Release\net10.0-windows\WinHubX.FormHome.en.resources" in corso.
         Eliminazione del file "E:\repo\WinHubX\Project\WinHubX\obj\Release\net10.0-windows\WinHubX.Forms.Base.FormMonitoraggio.en.resources" in corso.
         Eliminazione del file "E:\repo\WinHubX\Project\WinHubX\obj\Release\net10.0-windows\WinHubX.FormOffice.en.resources" in corso.
         Eliminazione del file "E:\repo\WinHubX\Project\WinHubX\obj\Release\net10.0-windows\WinHubX.Forms.Base.FormSettaggi.en.resources" in corso.
         Eliminazione del file "E:\repo\WinHubX\Project\WinHubX\obj\Release\net10.0-windows\WinHubX.FormWin.en.resources" in corso.
         Eliminazione del file "E:\repo\WinHubX\Project\WinHubX\obj\Release\net10.0-windows\WinHubX.Forms.Base.ProgressForm.en.resources" in corso.
         Eliminazione del file "E:\repo\WinHubX\Project\WinHubX\obj\Release\net10.0-windows\WinHubX.Forms.Base.FormCreaISO.en.resources" in corso.
         Eliminazione del file "E:\repo\WinHubX\Project\WinHubX\obj\Release\net10.0-windows\WinHubX.Forms.CreaISO.FormCreazioneISO.en.resources" in corso.
         Eliminazione del file "E:\repo\WinHubX\Project\WinHubX\obj\Release\net10.0-windows\WinHubX.Forms.DebloatAvanzato.FormServizi.en.resources" in corso.
         Eliminazione del file "E:\repo\WinHubX\Project\WinHubX\obj\Release\net10.0-windows\WinHubX.Forms.DriverRST.FormDriverRST.en.resources" in corso.
         Eliminazione del file "E:\repo\WinHubX\Project\WinHubX\obj\Release\net10.0-windows\WinHubX.Forms.ImpostazioniApp.FormImpostazioniApp.en.resources" in corso.
         Eliminazione del file "E:\repo\WinHubX\Project\WinHubX\obj\Release\net10.0-windows\WinHubX.Forms.InstallaComponenti.FormInstallaComponenti.en.resources" in corso.
         Eliminazione del file "E:\repo\WinHubX\Project\WinHubX\obj\Release\net10.0-windows\WinHubX.Forms.Personalizzazione_office.FormAggiungiRimuoviAppOffice.en.resources" in corso.
         Eliminazione del file "E:\repo\WinHubX\Project\WinHubX\obj\Release\net10.0-windows\WinHubX.Forms.Personalizzazione_office.PersonalizzazioneOffice.en.resources" in corso.
         Eliminazione del file "E:\repo\WinHubX\Project\WinHubX\obj\Release\net10.0-windows\WinHubX.Forms.Settaggi.FormDefender.en.resources" in corso.
         Eliminazione del file "E:\repo\WinHubX\Project\WinHubX\obj\Release\net10.0-windows\WinHubX.Forms.Settaggi.FormExplorer.en.resources" in corso.
         Eliminazione del file "E:\repo\WinHubX\Project\WinHubX\obj\Release\net10.0-windows\WinHubX.Forms.Settaggi.FormPersonalizzazione.en.resources" in corso.
         Eliminazione del file "E:\repo\WinHubX\Project\WinHubX\obj\Release\net10.0-windows\WinHubX.Forms.Settaggi.FormPrivacy.en.resources" in corso.
         Eliminazione del file "E:\repo\WinHubX\Project\WinHubX\obj\Release\net10.0-windows\WinHubX.Forms.Settaggi.FormRipristinoSO.en.resources" in corso.
         Eliminazione del file "E:\repo\WinHubX\Project\WinHubX\obj\Release\net10.0-windows\WinHubX.Forms.Settaggi.FormUpdate.en.resources" in corso.
         Eliminazione del file "E:\repo\WinHubX\Project\WinHubX\obj\Release\net10.0-windows\WinHubX.Forms.Settaggi.FormUtility.en.resources" in corso.
         Eliminazione del file "E:\repo\WinHubX\Project\WinHubX\obj\Release\net10.0-windows\WinHubX.csproj.GenerateResource.cache" in corso.
         Eliminazione del file "E:\repo\WinHubX\Project\WinHubX\obj\Release\net10.0-windows\WinHubX.GeneratedMSBuildEditorConfig.editorconfig" in corso.
         Eliminazione del file "E:\repo\WinHubX\Project\WinHubX\obj\Release\net10.0-windows\WinHubX.AssemblyInfoInputs.cache" in corso.
         Eliminazione del file "E:\repo\WinHubX\Project\WinHubX\obj\Release\net10.0-windows\WinHubX.AssemblyInfo.cs" in corso.
         Eliminazione del file "E:\repo\WinHubX\Project\WinHubX\obj\Release\net10.0-windows\WinHubX.csproj.CoreCompileInputs.cache" in corso.
         Eliminazione del file "E:\repo\WinHubX\Project\WinHubX\obj\Release\net10.0-windows\en\WinHubX.resources.cs" in corso.
         Eliminazione del file "E:\repo\WinHubX\Project\WinHubX\obj\Release\net10.0-windows\en\WinHubX.resources.dll" in corso.
         Eliminazione del file "E:\repo\WinHubX\Project\WinHubX\obj\Release\net10.0-windows\WinHubX.csproj.Up2Date" in corso.
         Eliminazione del file "E:\repo\WinHubX\Project\WinHubX\obj\Release\net10.0-windows\WinHubX.dll" in corso.
         Eliminazione del file "E:\repo\WinHubX\Project\WinHubX\obj\Release\net10.0-windows\refint\WinHubX.dll" in corso.
         Eliminazione del file "E:\repo\WinHubX\Project\WinHubX\obj\Release\net10.0-windows\WinHubX.genruntimeconfig.cache" in corso.
         Eliminazione del file "E:\repo\WinHubX\Project\WinHubX\obj\Release\net10.0-windows\ref\WinHubX.dll" in corso.
     1>Compilazione progetto "E:\repo\WinHubX\Project\WinHubX\WinHubX.csproj" (destinazioni: Clean) completata.

Compilazione completata.
    Avvisi: 0
    Errori: 0

Tempo trascorso 00:00:00.06
